// Jest Snapshot v1, https://goo.gl/fbAQLP

exports[`renders correctly when there are no items 1`] = `
<div
  className="app"
>
  <div
    className="game menu"
  >
    <div
      className="board"
    >
      <h1
        className="game-title"
      >
        Othello
      </h1>
      <button
        className="button"
        onClick={[Function]}
      >
         Directions 
      </button>
      <div
        className="board-row"
      >
        <button
          className="square reset"
          onClick={[Function]}
        >
          Start Over
        </button>
        <button
          className="square black menu"
        >
          2
        </button>
        <button
          className="square white menu"
        >
          2
        </button>
        <button
          className="square turn"
          style={
            Object {
              "background": "black",
            }
          }
        >
          Player 1
          , GO!
        </button>
      </div>
    </div>
  </div>
  <div
    className="game"
  >
    <div
      className="board"
    >
      <div
        className="board-row"
      >
        <button
          className="square"
          onClick={[Function]}
        />
        <button
          className="square"
          onClick={[Function]}
        />
        <button
          className="square"
          onClick={[Function]}
        />
        <button
          className="square"
          onClick={[Function]}
        />
        <button
          className="square"
          onClick={[Function]}
        />
        <button
          className="square"
          onClick={[Function]}
        />
        <button
          className="square"
          onClick={[Function]}
        />
        <button
          className="square"
          onClick={[Function]}
        />
      </div>
      <div
        className="board-row"
      >
        <button
          className="square"
          onClick={[Function]}
        />
        <button
          className="square"
          onClick={[Function]}
        />
        <button
          className="square"
          onClick={[Function]}
        />
        <button
          className="square"
          onClick={[Function]}
        />
        <button
          className="square"
          onClick={[Function]}
        />
        <button
          className="square"
          onClick={[Function]}
        />
        <button
          className="square"
          onClick={[Function]}
        />
        <button
          className="square"
          onClick={[Function]}
        />
      </div>
      <div
        className="board-row"
      >
        <button
          className="square"
          onClick={[Function]}
        />
        <button
          className="square"
          onClick={[Function]}
        />
        <button
          className="square"
          onClick={[Function]}
        />
        <button
          className="square"
          onClick={[Function]}
        />
        <button
          className="square"
          onClick={[Function]}
        />
        <button
          className="square"
          onClick={[Function]}
        />
        <button
          className="square"
          onClick={[Function]}
        />
        <button
          className="square"
          onClick={[Function]}
        />
      </div>
      <div
        className="board-row"
      >
        <button
          className="square"
          onClick={[Function]}
        />
        <button
          className="square"
          onClick={[Function]}
        />
        <button
          className="square"
          onClick={[Function]}
        />
        <button
          className="square black"
          onClick={[Function]}
        />
        <button
          className="square white"
          onClick={[Function]}
        />
        <button
          className="square"
          onClick={[Function]}
        />
        <button
          className="square"
          onClick={[Function]}
        />
        <button
          className="square"
          onClick={[Function]}
        />
      </div>
      <div
        className="board-row"
      >
        <button
          className="square"
          onClick={[Function]}
        />
        <button
          className="square"
          onClick={[Function]}
        />
        <button
          className="square"
          onClick={[Function]}
        />
        <button
          className="square white"
          onClick={[Function]}
        />
        <button
          className="square black"
          onClick={[Function]}
        />
        <button
          className="square"
          onClick={[Function]}
        />
        <button
          className="square"
          onClick={[Function]}
        />
        <button
          className="square"
          onClick={[Function]}
        />
      </div>
      <div
        className="board-row"
      >
        <button
          className="square"
          onClick={[Function]}
        />
        <button
          className="square"
          onClick={[Function]}
        />
        <button
          className="square"
          onClick={[Function]}
        />
        <button
          className="square"
          onClick={[Function]}
        />
        <button
          className="square"
          onClick={[Function]}
        />
        <button
          className="square"
          onClick={[Function]}
        />
        <button
          className="square"
          onClick={[Function]}
        />
        <button
          className="square"
          onClick={[Function]}
        />
      </div>
      <div
        className="board-row"
      >
        <button
          className="square"
          onClick={[Function]}
        />
        <button
          className="square"
          onClick={[Function]}
        />
        <button
          className="square"
          onClick={[Function]}
        />
        <button
          className="square"
          onClick={[Function]}
        />
        <button
          className="square"
          onClick={[Function]}
        />
        <button
          className="square"
          onClick={[Function]}
        />
        <button
          className="square"
          onClick={[Function]}
        />
        <button
          className="square"
          onClick={[Function]}
        />
      </div>
      <div
        className="board-row"
      >
        <button
          className="square"
          onClick={[Function]}
        />
        <button
          className="square"
          onClick={[Function]}
        />
        <button
          className="square"
          onClick={[Function]}
        />
        <button
          className="square"
          onClick={[Function]}
        />
        <button
          className="square"
          onClick={[Function]}
        />
        <button
          className="square"
          onClick={[Function]}
        />
        <button
          className="square"
          onClick={[Function]}
        />
        <button
          className="square"
          onClick={[Function]}
        />
      </div>
    </div>
  </div>
  <div />
</div>
`;
